[INFO] Scanning for projects...
[INFO] 
[INFO] ----< FDA_Mirakl_and_API_Automation:FDA_Mirakl_and_API_Automation >-----
[INFO] Building FDA_Mirakl_and_API_Automation 0.0.1-SNAPSHOT
[INFO]   from pom.xml
[INFO] --------------------------------[ jar ]---------------------------------
[INFO] 
[INFO] --- resources:3.3.1:resources (default-resources) @ FDA_Mirakl_and_API_Automation ---
[INFO] skip non existing resourceDirectory C:\Users\SakshiKhullar\Git\FDA_Test_Automation\src\main\resources
[INFO] 
[INFO] --- compiler:3.13.0:compile (default-compile) @ FDA_Mirakl_and_API_Automation ---
[INFO] No sources to compile
[INFO] 
[INFO] --- resources:3.3.1:testResources (default-testResources) @ FDA_Mirakl_and_API_Automation ---
[INFO] Copying 6 resources from src\test\resources to target\test-classes
[INFO] 
[INFO] --- compiler:3.13.0:testCompile (default-testCompile) @ FDA_Mirakl_and_API_Automation ---
[INFO] Nothing to compile - all classes are up to date.
[INFO] 
[INFO] --- surefire:3.3.0:test (default-test) @ FDA_Mirakl_and_API_Automation ---
[INFO] Using auto detected provider org.apache.maven.surefire.testng.TestNGProvider
[INFO] 
[INFO] -------------------------------------------------------
[INFO]  T E S T S
[INFO] -------------------------------------------------------
[INFO] 
[INFO] Results:
[INFO] 
[INFO] Tests run: 0, Failures: 0, Errors: 0, Skipped: 0
[INFO] 
[INFO] ------------------------------------------------------------------------
[INFO] BUILD SUCCESS
[INFO] ------------------------------------------------------------------------
[INFO] Total time:  3.564 s
[INFO] Finished at: 2026-09-21T16:47:51+05:30
[INFO] ------------------------------------------------------------------------
