[INFO] Scanning for projects...
[INFO] 
[INFO] ----< FDA_Mirakl_and_API_Automation:FDA_Mirakl_and_API_Automation >-----
[INFO] Building FDA_Mirakl_and_API_Automation 0.0.1-SNAPSHOT
[INFO]   from pom.xml
[INFO] --------------------------------[ jar ]---------------------------------
[INFO] 
[INFO] --- resources:3.3.1:resources (default-resources) @ FDA_Mirakl_and_API_Automation ---
[INFO] skip non existing resourceDirectory C:\Users\SakshiKhullar\Git\FDA_Test_Automation\src\main\resources
[INFO] 
[INFO] --- compiler:3.13.0:compile (default-compile) @ FDA_Mirakl_and_API_Automation ---
[INFO] No sources to compile
[INFO] 
[INFO] --- resources:3.3.1:testResources (default-testResources) @ FDA_Mirakl_and_API_Automation ---
[INFO] Copying 6 resources from src\test\resources to target\test-classes
[INFO] 
[INFO] --- compiler:3.13.0:testCompile (default-testCompile) @ FDA_Mirakl_and_API_Automation ---
[INFO] Recompiling the module because of added or removed source files.
[INFO] Compiling 82 source files with javac [debug release 17] to target\test-classes
[INFO] Annotation processing is enabled because one or more processors were found
  on the class path. A future release of javac may disable annotation processing
  unless at least one processor is specified by name (-processor), or a search
  path is specified (--processor-path, --processor-module-path), or annotation
  processing is enabled explicitly (-proc:only, -proc:full).
  Use -Xlint:-options to suppress this message.
  Use -proc:none to disable annotation processing.
[INFO] Processing Log4j annotations
[INFO] Annotations processed
[INFO] Processing Log4j annotations
[INFO] No elements to process
[INFO] Processing Log4j annotations
[INFO] No elements to process
[INFO] Processing Log4j annotations
[INFO] No elements to process
[INFO] 
[INFO] --- surefire:3.3.0:test (default-test) @ FDA_Mirakl_and_API_Automation ---
[INFO] Using auto detected provider org.apache.maven.surefire.testng.TestNGProvider
[INFO] 
[INFO] -------------------------------------------------------
[INFO]  T E S T S
[INFO] -------------------------------------------------------
[INFO] 
[INFO] Results:
[INFO] 
[INFO] Tests run: 0, Failures: 0, Errors: 0, Skipped: 0
[INFO] 
[INFO] ------------------------------------------------------------------------
[INFO] BUILD SUCCESS
[INFO] ------------------------------------------------------------------------
[INFO] Total time:  35.953 s
[INFO] Finished at: 2026-09-21T16:47:13+05:30
[INFO] ------------------------------------------------------------------------
