[INFO] Scanning for projects...
[INFO] 
[INFO] ----< FDA_Mirakl_and_API_Automation:FDA_Mirakl_and_API_Automation >-----
[INFO] Building FDA_Mirakl_and_API_Automation 0.0.1-SNAPSHOT
[INFO]   from pom.xml
[INFO] --------------------------------[ jar ]---------------------------------
[INFO] 
[INFO] --- resources:3.3.1:resources (default-resources) @ FDA_Mirakl_and_API_Automation ---
[INFO] skip non existing resourceDirectory C:\Users\SakshiKhullar\Git\FDA_Test_Automation\src\main\resources
[INFO] 
[INFO] --- compiler:3.13.0:compile (default-compile) @ FDA_Mirakl_and_API_Automation ---
[INFO] No sources to compile
[INFO] 
[INFO] --- resources:3.3.1:testResources (default-testResources) @ FDA_Mirakl_and_API_Automation ---
[INFO] Copying 6 resources from src\test\resources to target\test-classes
[INFO] 
[INFO] --- compiler:3.13.0:testCompile (default-testCompile) @ FDA_Mirakl_and_API_Automation ---
[INFO] Nothing to compile - all classes are up to date.
[INFO] 
[INFO] --- surefire:3.3.0:test (default-test) @ FDA_Mirakl_and_API_Automation ---
[INFO] Using auto detected provider org.apache.maven.surefire.testng.TestNGProvider
[INFO] 
[INFO] -------------------------------------------------------
[INFO]  T E S T S
[INFO] -------------------------------------------------------
[INFO] Running FDA_Automation_Script.FDA_Automation_Script.tests.OfferAndProductModule.Diag_Shop_Test
SLF4J(W): No SLF4J providers were found.
SLF4J(W): Defaulting to no-operation (NOP) logger implementation
SLF4J(W): See https://www.slf4j.org/codes.html#noProviders for further details.
Sep 21, 2026 4:59:09 PM org.openqa.selenium.devtools.CdpVersionFinder findNearestMatch
WARNING: Unable to find CDP implementation matching 153
Sep 21, 2026 4:59:09 PM org.openqa.selenium.chromium.ChromiumDriver lambda$new$5
WARNING: Unable to find version of CDP to use for 153.0.8010.52. You may need to include a dependency on a specific version of the CDP using something similar to `org.seleniumhq.selenium:selenium-devtools-v86:4.25.0` where the version ("v86") matches the version of the chromium-based browser you're using and the version number of the artifact is the same as Selenium's.
2026-09-21T11:29:10.360555700Z main WARN The use of package scanning to locate Log4j plugins is deprecated.
Please remove the `packages` attribute from your configuration file.
See https://logging.apache.org/log4j/2.x/faq.html#package-scanning for details.
2026-09-21 16:59:10 INFO  FDA_Automation_Script.FDA_Automation_Script.utils.LoggerUtility - DualDriverManager: new Chrome browser instance created
2026-09-21 16:59:13 INFO  FDA_Automation_Script.FDA_Automation_Script.utils.LoggerUtility - Entering Mirakl email: skhullar+90764@kognivera.com
2026-09-21 16:59:13 INFO  FDA_Automation_Script.FDA_Automation_Script.utils.LoggerUtility - Clicking Siguiente button on Mirakl login
2026-09-21 16:59:13 INFO  FDA_Automation_Script.FDA_Automation_Script.utils.LoggerUtility - Entering Mirakl password
2026-09-21 16:59:20 INFO  FDA_Automation_Script.FDA_Automation_Script.utils.LoggerUtility - Clicking Sign in button on Mirakl
2026-09-21 16:59:22 WARN  FDA_Automation_Script.FDA_Automation_Script.utils.LoggerUtility - Mirakl MFA verification required — check email 'skhullar+90764@kognivera.com' for OTP code, enter it in the browser window, then click Continue. Test will wait up to 10 minutes...
2026-09-21 16:59:23 INFO  FDA_Automation_Script.FDA_Automation_Script.utils.LoggerUtility - Screenshot captured: test-output/screenshots/MFA_skhullar_90764_kognivera_com_INFO.png
2026-09-21 16:59:23 INFO  FDA_Automation_Script.FDA_Automation_Script.utils.LoggerUtility - MFA screen text for skhullar+90764@kognivera.com: Verify Your Identity

We've sent an email with your code to

Email address
skhu**********@kogn*********
Enter the code *
 Remember this device for 30 days
Continue
Didn't receive an email? Resend
Copyright © 2026 Mirakl
2026-09-21 16:59:42 INFO  FDA_Automation_Script.FDA_Automation_Script.utils.LoggerUtility - Mirakl MFA verification completed — continuing.
2026-09-21 16:59:42 INFO  FDA_Automation_Script.FDA_Automation_Script.utils.LoggerUtility - Switching To Mirakl
2026-09-21 16:59:42 INFO  FDA_Automation_Script.FDA_Automation_Script.utils.LoggerUtility - Mirakl Login Successful
2026-09-21 16:59:42 INFO  FDA_Automation_Script.FDA_Automation_Script.utils.LoggerUtility - Screenshot captured: test-output/screenshots/DIAG_SHOP_DASHBOARD_INFO.png
=====DASHBOARD URL=====
https://farmaciasdelahorromx2-dev.mirakl.net/marketplace-dashboard?skip-onboarding=true
=====TOP HEADER HTML START=====
<body class="overflowHidden">

    <!-- fake navigation is outside of React, to render as fast as possible for the user to avoid blank screens
    on page transitions with sidebar -->
    <div id="fakeNav">
        <div id="fakeSidebar" style="width: 280px;"></div>
        <div id="fakeContent">
            <div id="fakeTopMenu"></div>
            <div id="loaderContainer">
                <div id="loader"></div>
            </div>
        </div>
    </div>

    <div id="romaMenuContainer"></div>

    <div id="appMainContent">
        
    <div class="mui-app"></div>

    </div>

    <script>
        // Let's check if the sidebar is collapsed are not to change the width if needed
        const isSmallScreen = window.innerWidth <= 768;
        const isSmallOrMediumScreen = window.innerWidth <= 1080;
        const isSidebarCollapsed = window.localStorage.getItem('roma-sidebar_collapsed') ?? (isSmallOrMediumScreen && !isSmallScreen).toString();

        if (isSidebarCollapsed === 'false') {
            const sidebar = document.getElementById('fakeSidebar');
            sidebar.style.width = '280px';
        }
    </script>




</body>
=====TOP HEADER HTML END=====
=====ACCOUNT-LIKE ELEMENTS CLICKED=====0
2026-09-21 16:59:44 INFO  FDA_Automation_Script.FDA_Automation_Script.utils.LoggerUtility - Screenshot captured: test-output/screenshots/DIAG_SHOP_ACCOUNT_MENU_INFO.png
=====BODY TEXT AFTER ACCOUNT CLICK START=====

=====BODY TEXT AFTER ACCOUNT CLICK END=====
2026-09-21 16:59:47 INFO  FDA_Automation_Script.FDA_Automation_Script.utils.LoggerUtility - Screenshot captured: test-output/screenshots/DIAG_SHOP_SETTINGS_COMPANY_INFO.png
=====SETTINGS COMPANY URL=====
https://farmaciasdelahorromx2-dev.mirakl.net/mmp/shop/settings/company
=====SETTINGS BODY TEXT START=====
404: Page not found
We're sorry, the page you requested was not found.
Back to previous page
=====SETTINGS BODY TEXT END=====
[INFO] Tests run: 1, Failures: 0, Errors: 0, Skipped: 0, Time elapsed: 40.41 s -- in FDA_Automation_Script.FDA_Automation_Script.tests.OfferAndProductModule.Diag_Shop_Test
[INFO] 
[INFO] Results:
[INFO] 
[INFO] Tests run: 1, Failures: 0, Errors: 0, Skipped: 0
[INFO] 
[INFO] ------------------------------------------------------------------------
[INFO] BUILD SUCCESS
[INFO] ------------------------------------------------------------------------
[INFO] Total time:  46.266 s
[INFO] Finished at: 2026-09-21T16:59:48+05:30
[INFO] ------------------------------------------------------------------------
