[    1016ms] [LOG] Will not send fingerprint @ https://mcstaging.fahorro.com/customer/account/login:598
[    1016ms] [LOG] undefined @ https://mcstaging.fahorro.com/customer/account/login:598
[    1817ms] Uncaught TypeError: Cannot read properties of null (reading 'cancelled')
    at a.finish (https://js-agent.newrelic.com/nr-spa-1216.min.js:0:29558)
    at <anonymous> (https://js-agent.newrelic.com/nr-spa-1216.min.js:1:2400)
    at <anonymous> (https://js-agent.newrelic.com/nr-spa-1216.min.js:0:4336)
    at r (https://js-agent.newrelic.com/nr-spa-1216.min.js:1:17448)
    at r (https://js-agent.newrelic.com/nr-spa-1216.min.js:0:4260)
    at n.exports (https://js-agent.newrelic.com/nr-spa-1216.min.js:0:4473)
    at n.exports (https://js-agent.newrelic.com/nr-spa-1216.min.js:0:5506)
    at <anonymous> (https://bam.nr-data.net/1/NRJS-df86b166cb1c30a043b?a=1036878683&v=1216.487a282&to=YFNbNhRSV0pSVUdQX1kZeAESWlZXHFVGSkRYW1wQSVJaWlxDXU0fW1leCwg%3D&rst=1505&ck=1&ref=https://mcstaging.fahorro.com/customer/account/login&ap=333&be=863&fe=1411&dc=980&af=err,xhr,stn,ins,spa&perf=%7B%22timing%22:%7B%22of%22:1785437513988,%22n%22:0,%22u%22:769,%22ue%22:769,%22f%22:2,%22dn%22:2,%22dne%22:2,%22c%22:2,%22ce%22:2,%22rq%22:5,%22rp%22:703,%22rpe%22:832,%22dl%22:777,%22di%22:868,%22ds%22:978,%22de%22:980,%22dc%22:1408,%22l%22:1408,%22le%22:1417%7D,%22navigation%22:%7B%7D%7D&fp=828&at=TBRYQFxIREQ%3D&jsonp=NREUM.setToken:0:6)
[    2606ms] [LOG] Will not send fingerprint @ https://mcstaging.fahorro.com/customer/account/login:598
[    2606ms] [LOG]  @ https://mcstaging.fahorro.com/customer/account/login:598
[    2995ms] [LOG] Will not send fingerprint @ https://mcstaging.fahorro.com/customer/account/login:598
[    2995ms] [LOG]  @ https://mcstaging.fahorro.com/customer/account/login:598
[   52481ms] [LOG] Will not send fingerprint @ https://mcstaging.fahorro.com/:863
[   52481ms] [LOG] undefined @ https://mcstaging.fahorro.com/:863
[   54919ms] [LOG] Sending fingerprint... @ https://mcstaging.fahorro.com/:863
[   56550ms] [WARNING] Canvas2D: Multiple readback operations using getImageData are faster with the willReadFrequently attribute set to true. See: https://html.spec.whatwg.org/multipage/canvas.html#concept-canvas-will-read-frequently @ https://cdn-scripts.signifyd.com/o/lite.js?sessionId=M2aHR0cHM6Ly9tY3N0YWdpbmcuZmFob3Jyby5jb20v2283688&ping=false&profile=true&pageURL=https%253A%252F%252Fmcstaging.fahorro.com%252F&referrer=https%253A%252F%252Fmcstaging.fahorro.com%252Fcustomer%252Faccount%252Flogin:34
[  458492ms] [LOG] Will not send fingerprint @ https://mcstaging.fahorro.com/diamond-eye-combo-pack-monthly-color-contact-lenses113-3a9e5b2b.html:1217
[  458492ms] [LOG] undefined @ https://mcstaging.fahorro.com/diamond-eye-combo-pack-monthly-color-contact-lenses113-3a9e5b2b.html:1217
[  458846ms] [LOG] Fingerprint already sent @ https://mcstaging.fahorro.com/diamond-eye-combo-pack-monthly-color-contact-lenses113-3a9e5b2b.html:1217
[  459543ms] [WARNING] Google Maps JavaScript API has been loaded directly without loading=async. This can result in suboptimal performance. For best-practice loading patterns please see https://goo.gle/js-api-loading @ https://mcstaging.fahorro.com/diamond-eye-combo-pack-monthly-color-contact-lenses113-3a9e5b2b.html:1217
[  460040ms] [WARNING] Fallback to JQueryUI Compat activated. Your store is missing a dependency for a jQueryUI widget. Identifying and addressing the dependency will drastically improve the performance of your site. @ https://mcstaging.fahorro.com/diamond-eye-combo-pack-monthly-color-contact-lenses113-3a9e5b2b.html:1217
[  462405ms] Uncaught TypeError: Cannot read properties of null (reading 'cancelled')
    at a.finish (https://js-agent.newrelic.com/nr-spa-1216.min.js:0:29558)
    at <anonymous> (https://js-agent.newrelic.com/nr-spa-1216.min.js:1:2400)
    at <anonymous> (https://js-agent.newrelic.com/nr-spa-1216.min.js:0:4336)
    at r (https://js-agent.newrelic.com/nr-spa-1216.min.js:1:17448)
    at r (https://js-agent.newrelic.com/nr-spa-1216.min.js:0:4260)
    at n.exports (https://js-agent.newrelic.com/nr-spa-1216.min.js:0:4473)
    at n.exports (https://js-agent.newrelic.com/nr-spa-1216.min.js:0:5506)
    at <anonymous> (https://bam.nr-data.net/1/NRJS-df86b166cb1c30a043b?a=1036878683&v=1216.487a282&to=YFNbNhRSV0pSVUdQX1kZeAESWlZXHFVSTVFbWV5NFkFWXUZVRxZGXlNO&rst=4051&ck=1&ref=https://mcstaging.fahorro.com/diamond-eye-combo-pack-monthly-color-contact-lenses113-3a9e5b2b.html&ap=2635&be=583&fe=3999&dc=628&af=err,xhr,stn,ins,spa&perf=%7B%22timing%22:%7B%22of%22:1785437971686,%22n%22:0,%22u%22:162,%22ue%22:162,%22f%22:6,%22dn%22:8,%22dne%22:25,%22c%22:25,%22s%22:43,%22ce%22:64,%22rq%22:64,%22rp%22:91,%22rpe%22:144,%22dl%22:173,%22di%22:621,%22ds%22:622,%22de%22:628,%22dc%22:3996,%22l%22:3996,%22le%22:4005%7D,%22navigation%22:%7B%7D%7D&fp=308&fcp=3872&at=TBRYQFxIREQ%3D&jsonp=NREUM.setToken:0:6)
