[    4572ms] [LOG] Will not send fingerprint @ https://mcstaging.fahorro.com/:863
[    4573ms] [LOG] undefined @ https://mcstaging.fahorro.com/:863
[    5476ms] [LOG] Fingerprint already sent @ https://mcstaging.fahorro.com/:863
[   12812ms] Uncaught TypeError: Cannot read properties of null (reading 'cancelled')
    at a.finish (https://js-agent.newrelic.com/nr-spa-1216.min.js:0:29558)
    at <anonymous> (https://js-agent.newrelic.com/nr-spa-1216.min.js:1:2400)
    at <anonymous> (https://js-agent.newrelic.com/nr-spa-1216.min.js:0:4336)
    at r (https://js-agent.newrelic.com/nr-spa-1216.min.js:1:17448)
    at r (https://js-agent.newrelic.com/nr-spa-1216.min.js:0:4260)
    at n.exports (https://js-agent.newrelic.com/nr-spa-1216.min.js:0:4473)
    at n.exports (https://js-agent.newrelic.com/nr-spa-1216.min.js:0:5506)
    at <anonymous> (https://bam.nr-data.net/1/NRJS-df86b166cb1c30a043b?a=1036878683&v=1216.487a282&to=YFNbNhRSV0pSVUdQX1kZeAESWlZXHFVeSh9eWF0HHhxQV1dTSw%3D%3D&rst=12217&ck=1&ref=https://mcstaging.fahorro.com/&ap=2438&be=3819&fe=12009&dc=3906&af=err,xhr,stn,ins,spa&perf=%7B%22timing%22:%7B%22of%22:1785440145410,%22n%22:0,%22u%22:3328,%22ue%22:3328,%22f%22:4,%22dn%22:9,%22dne%22:308,%22c%22:308,%22s%22:327,%22ce%22:348,%22rq%22:348,%22rp%22:3221,%22rpe%22:3317,%22dl%22:3339,%22di%22:3896,%22ds%22:3898,%22de%22:3908,%22dc%22:12000,%22l%22:12000,%22le%22:12021%7D,%22navigation%22:%7B%7D%7D&at=TBRYQFxIREQ%3D&jsonp=NREUM.setToken:0:6)
[  234198ms] [WARNING] Google Maps JavaScript API has been loaded directly without loading=async. This can result in suboptimal performance. For best-practice loading patterns please see https://goo.gle/js-api-loading @ https://mcstaging.fahorro.com/diamond-eye-combo-pack-monthly-color-contact-lenses113-3a9e5b2b.html:1217
[  234753ms] [LOG] Will not send fingerprint @ https://mcstaging.fahorro.com/diamond-eye-combo-pack-monthly-color-contact-lenses113-3a9e5b2b.html:1217
[  234754ms] [LOG] undefined @ https://mcstaging.fahorro.com/diamond-eye-combo-pack-monthly-color-contact-lenses113-3a9e5b2b.html:1217
[  235197ms] [LOG] Fingerprint already sent @ https://mcstaging.fahorro.com/diamond-eye-combo-pack-monthly-color-contact-lenses113-3a9e5b2b.html:1217
[  237730ms] [WARNING] Fallback to JQueryUI Compat activated. Your store is missing a dependency for a jQueryUI widget. Identifying and addressing the dependency will drastically improve the performance of your site. @ https://mcstaging.fahorro.com/diamond-eye-combo-pack-monthly-color-contact-lenses113-3a9e5b2b.html:1217
[  242214ms] Uncaught TypeError: Cannot read properties of null (reading 'cancelled')
    at a.finish (https://js-agent.newrelic.com/nr-spa-1216.min.js:0:29558)
    at <anonymous> (https://js-agent.newrelic.com/nr-spa-1216.min.js:1:2400)
    at <anonymous> (https://js-agent.newrelic.com/nr-spa-1216.min.js:0:4336)
    at r (https://js-agent.newrelic.com/nr-spa-1216.min.js:1:17448)
    at r (https://js-agent.newrelic.com/nr-spa-1216.min.js:0:4260)
    at n.exports (https://js-agent.newrelic.com/nr-spa-1216.min.js:0:4473)
    at n.exports (https://js-agent.newrelic.com/nr-spa-1216.min.js:0:5506)
    at <anonymous> (https://bam.nr-data.net/1/NRJS-df86b166cb1c30a043b?a=1036878683&v=1216.487a282&to=YFNbNhRSV0pSVUdQX1kZeAESWlZXHFVSTVFbWV5NFkFWXUZVRxZGXlNO&rst=12068&ck=1&ref=https://mcstaging.fahorro.com/diamond-eye-combo-pack-monthly-color-contact-lenses113-3a9e5b2b.html&ap=2632&be=3639&fe=10925&dc=3685&af=err,xhr,stn,ins,spa&perf=%7B%22timing%22:%7B%22of%22:1785440374580,%22n%22:0,%22u%22:3257,%22ue%22:3257,%22f%22:17,%22dn%22:17,%22dne%22:17,%22c%22:17,%22ce%22:17,%22rq%22:21,%22rp%22:3208,%22rpe%22:3282,%22dl%22:3274,%22di%22:3679,%22ds%22:3680,%22de%22:3685,%22dc%22:10914,%22l%22:10915,%22le%22:10936%7D,%22navigation%22:%7B%7D%7D&at=TBRYQFxIREQ%3D&jsonp=NREUM.setToken:0:6)
